[2026-04-29 20:16:04] INFO    LOGGER: Logger initialized
[2026-04-29 20:16:04] INFO    MAIN: Harmony daemon starting up
[2026-04-29 20:16:04] INFO    MAIN: Logger test successful
[2026-04-29 20:16:04] WARNING MAIN: This is a warning test
[2026-04-29 20:16:04] ERROR   MAIN: This is an error test
[2026-04-29 20:16:04] INFO    LOGGER: Logger shutting down
[2026-04-29 20:19:28] INFO    LOGGER: Logger initialized
[2026-04-29 20:19:28] INFO    MAIN: Harmony daemon starting up
[2026-04-29 20:19:28] INFO    STATE: State machine initialized in IDLE
[2026-04-29 20:19:28] INFO    STATE: Transition: IDLE → BUFFERING
[2026-04-29 20:19:28] INFO    STATE: Transition: BUFFERING → PLAYING
[2026-04-29 20:19:28] INFO    STATE: Transition: PLAYING → PAUSED
[2026-04-29 20:19:28] INFO    STATE: Transition: PAUSED → PLAYING
[2026-04-29 20:19:28] INFO    STATE: Transition: PLAYING → STOPPED
[2026-04-29 20:19:28] WARNING STATE: Rejected invalid transition from STOPPED with command 1
[2026-04-29 20:19:28] INFO    MAIN: Final state: STOPPED
[2026-04-29 20:19:28] INFO    LOGGER: Logger shutting down
[2026-04-29 20:24:26] INFO    LOGGER: Logger initialized
[2026-04-29 20:24:26] INFO    MAIN: Harmony daemon starting up
[2026-04-29 20:24:26] INFO    STATE: State machine initialized in IDLE
[2026-04-29 20:24:26] INFO    STATE: Transition: IDLE → BUFFERING
[2026-04-29 20:24:26] INFO    STATE: Transition: BUFFERING → PLAYING
[2026-04-29 20:24:26] INFO    MAIN: State: PLAYING
[2026-04-29 20:24:26] INFO    QUEUE: Track queue initialized (max size: 10)
[2026-04-29 20:24:26] INFO    QUEUE: Loaded 10 tracks from data/tracks.json
[2026-04-29 20:24:26] INFO    QUEUE: Now playing: HUMBLE. (Mixed) by Kendrick Lamar
[2026-04-29 20:24:26] INFO    MAIN: Queue size: 10
[2026-04-29 20:24:26] INFO    MAIN: Current track: HUMBLE. (Mixed)
[2026-04-29 20:24:26] INFO    QUEUE: Advanced queue. Remaining: 9
[2026-04-29 20:24:26] INFO    QUEUE: Next up: God's Plan by Drake
[2026-04-29 20:24:26] INFO    MAIN: After skip: God's Plan
[2026-04-29 20:24:26] INFO    LOGGER: Logger shutting down
[2026-04-29 20:26:46] INFO    LOGGER: Logger initialized
[2026-04-29 20:26:46] INFO    MAIN: Harmony daemon starting up
[2026-04-29 20:26:46] INFO    STATE: State machine initialized in IDLE
[2026-04-29 20:26:46] INFO    STATE: Transition: IDLE → BUFFERING
[2026-04-29 20:26:46] INFO    STATE: Transition: BUFFERING → PLAYING
[2026-04-29 20:26:46] INFO    MAIN: State: PLAYING
[2026-04-29 20:26:46] INFO    QUEUE: Track queue initialized (max size: 10)
[2026-04-29 20:26:46] INFO    QUEUE: Loaded 10 tracks from data/tracks.json
[2026-04-29 20:26:46] INFO    QUEUE: Now playing: HUMBLE. (Mixed) by Kendrick Lamar
[2026-04-29 20:26:46] INFO    MAIN: Queue size: 10
[2026-04-29 20:26:46] INFO    MAIN: Current track: HUMBLE. (Mixed)
[2026-04-29 20:26:46] INFO    QUEUE: Advanced queue. Remaining: 9
[2026-04-29 20:26:46] INFO    QUEUE: Next up: God's Plan by Drake
[2026-04-29 20:26:46] INFO    MAIN: After skip: God's Plan
[2026-04-29 20:26:46] INFO    LOGGER: Logger shutting down
[2026-04-29 20:28:32] INFO    LOGGER: Logger initialized
[2026-04-29 20:28:32] INFO    MAIN: Harmony daemon starting up
[2026-04-29 20:28:32] INFO    STATE: State machine initialized in IDLE
[2026-04-29 20:28:32] INFO    QUEUE: Track queue initialized (max size: 10)
[2026-04-29 20:28:32] INFO    QUEUE: Loaded 10 tracks from data/tracks.json
[2026-04-29 20:28:32] INFO    QUEUE: Now playing: HUMBLE. (Mixed) by Kendrick Lamar
[2026-04-29 20:28:32] INFO    WATCHDOG: Watchdog initialized
[2026-04-29 20:28:32] INFO    WATCHDOG: Watchdog started - heartbeat every 100ms, check every 250ms
[2026-04-29 20:28:32] INFO    STATE: Transition: IDLE → BUFFERING
[2026-04-29 20:28:33] INFO    MAIN: State after 1s: BUFFERING
[2026-04-29 20:28:33] INFO    MAIN: Simulating hang...
[2026-04-29 20:28:33] WARNING WATCHDOG: FAULT INJECTION: Simulating hang - heartbeat suspended
[2026-04-29 20:28:33] WARNING WATCHDOG: Heartbeat stale for 598ms - triggering recovery
[2026-04-29 20:28:33] WARNING MAIN: Watchdog triggered - resetting to IDLE
[2026-04-29 20:28:33] WARNING STATE: FORCED state change: BUFFERING → IDLE
[2026-04-29 20:28:34] INFO    MAIN: State after hang: IDLE
[2026-04-29 20:28:34] INFO    WATCHDOG: Watchdog stopped
[2026-04-29 20:28:34] INFO    LOGGER: Logger shutting down
[2026-04-29 20:30:12] INFO    LOGGER: Logger initialized
[2026-04-29 20:30:12] INFO    MAIN: Harmony daemon starting up
[2026-04-29 20:30:12] INFO    MEMORY: Memory budget initialized - cap: 256KB
[2026-04-29 20:30:12] INFO    MEMORY: Allocated 256 bytes for [state_machine] - used: 256/262144 (0%)
[2026-04-29 20:30:12] INFO    MEMORY: Allocated 1920 bytes for [track_queue] - used: 2176/262144 (0%)
[2026-04-29 20:30:12] INFO    MEMORY: Allocated 512 bytes for [watchdog] - used: 2688/262144 (1%)
[2026-04-29 20:30:12] INFO    MEMORY: Allocated 8192 bytes for [http_server] - used: 10880/262144 (4%)
[2026-04-29 20:30:12] INFO    MEMORY: Allocated 4096 bytes for [logger] - used: 14976/262144 (5%)
[2026-04-29 20:30:12] INFO    MEMORY: Status: 14976/262144 bytes (5%) used
[2026-04-29 20:30:12] ERROR   MEMORY: BUDGET EXCEEDED: Cannot allocate 307200 bytes for [overflow_test] - used: 14976/262144
[2026-04-29 20:30:12] INFO    MEMORY: Status: 14976/262144 bytes (5%) used
[2026-04-29 20:30:12] INFO    LOGGER: Logger shutting down
[2026-04-29 20:32:59] INFO    LOGGER: Logger initialized
[2026-04-29 20:32:59] INFO    MAIN: Testing iTunes client
[2026-04-29 20:32:59] INFO    ITUNES: iTunes client initialized
[2026-04-29 20:32:59] INFO    ITUNES: Searching for: Taylor Swift
[2026-04-29 20:32:59] INFO    ITUNES: Found 3 tracks for query
[2026-04-29 20:32:59] INFO    MAIN: Found: The Fate of Ophelia by Taylor Swift
[2026-04-29 20:32:59] INFO    MAIN: Found: Shake It Off by Taylor Swift
[2026-04-29 20:32:59] INFO    MAIN: Found: Cruel Summer by Taylor Swift
[2026-04-29 20:32:59] WARNING ITUNES: FAULT INJECTION: API failure simulation ENABLED
[2026-04-29 20:32:59] WARNING ITUNES: Simulated failure - returning empty results
[2026-04-29 20:32:59] INFO    MAIN: Simulated failure returned 0 results
[2026-04-29 20:32:59] INFO    LOGGER: Logger shutting down
[2026-04-29 20:37:13] INFO    LOGGER: Logger initialized
[2026-04-29 20:37:13] INFO    MAIN: Harmony daemon starting up
[2026-04-29 20:37:13] INFO    MEMORY: Memory budget initialized - cap: 256KB
[2026-04-29 20:37:13] INFO    MEMORY: Allocated 256 bytes for [state_machine] - used: 256/262144 (0%)
[2026-04-29 20:37:13] INFO    MEMORY: Allocated 1920 bytes for [track_queue] - used: 2176/262144 (0%)
[2026-04-29 20:37:13] INFO    MEMORY: Allocated 512 bytes for [watchdog] - used: 2688/262144 (1%)
[2026-04-29 20:37:13] INFO    MEMORY: Allocated 8192 bytes for [http_server] - used: 10880/262144 (4%)
[2026-04-29 20:37:13] INFO    MEMORY: Allocated 4096 bytes for [logger] - used: 14976/262144 (5%)
[2026-04-29 20:37:13] INFO    MEMORY: Status: 14976/262144 bytes (5%) used
[2026-04-29 20:37:13] INFO    STATE: State machine initialized in IDLE
[2026-04-29 20:37:13] INFO    QUEUE: Track queue initialized (max size: 10)
[2026-04-29 20:37:13] INFO    ITUNES: iTunes client initialized
[2026-04-29 20:37:13] INFO    WATCHDOG: Watchdog initialized
[2026-04-29 20:37:13] INFO    QUEUE: Loaded 10 tracks from data/tracks.json
[2026-04-29 20:37:13] INFO    QUEUE: Now playing: HUMBLE. (Mixed) by Kendrick Lamar
[2026-04-29 20:37:13] INFO    WATCHDOG: Watchdog started - heartbeat every 100ms, check every 250ms
[2026-04-29 20:37:13] INFO    HTTP: Command handler initialized
[2026-04-29 20:37:13] INFO    MAIN: Starting HTTP server on port 8080
[2026-04-29 20:37:13] INFO    MAIN: Endpoints: GET /status  POST /command  GET /search  GET /health
[2026-04-29 20:37:13] INFO    HTTP: Server listening on port 8080
[2026-04-29 20:37:53] INFO    HTTP: Received command: play
[2026-04-29 20:37:53] INFO    STATE: Transition: IDLE → BUFFERING
[2026-04-29 20:37:54] INFO    HTTP: Buffer filled - transitioning to PLAYING
[2026-04-29 20:37:54] INFO    STATE: Transition: BUFFERING → PLAYING
